  Identification des projets ├á restaurer...
  Tous les projets sont ├á jour pour la restauration.
  Konta.Shared -> C:\Users\DELL\source\repos\Konta\src\Konta.Shared\bin\Debug\net10.0\Konta.Shared.dll
C:\Users\DELL\source\repos\Konta\src\Konta.Identity\Endpoints\UserEndpoints.cs(51,64): warning CS8625: Impossible de convertir un litt├®ral ayant une valeur null en type r├®f├®rence non-nullable. [C:\Users\DELL\source\repos\Konta\src\Konta.Identity\Konta.Identity.csproj]
C:\Users\DELL\source\repos\Konta\src\Konta.Identity\Endpoints\UserEndpoints.cs(57,64): warning CS8625: Impossible de convertir un litt├®ral ayant une valeur null en type r├®f├®rence non-nullable. [C:\Users\DELL\source\repos\Konta\src\Konta.Identity\Konta.Identity.csproj]
C:\Users\DELL\source\repos\Konta\src\Konta.Identity\Services\Implementations\TenantService.cs(35,9): error CS0103: Le nom '_permissionRepository' n'existe pas dans le contexte actuel [C:\Users\DELL\source\repos\Konta\src\Konta.Identity\Konta.Identity.csproj]
C:\Users\DELL\source\repos\Konta\src\Konta.Identity\Services\Implementations\TenantService.cs(36,9): error CS0103: Le nom '_passwordHasher' n'existe pas dans le contexte actuel [C:\Users\DELL\source\repos\Konta\src\Konta.Identity\Konta.Identity.csproj]
C:\Users\DELL\source\repos\Konta\src\Konta.Identity\Services\Implementations\TenantService.cs(38,9): error CS0103: Le nom '_errorService' n'existe pas dans le contexte actuel [C:\Users\DELL\source\repos\Konta\src\Konta.Identity\Konta.Identity.csproj]
C:\Users\DELL\source\repos\Konta\src\Konta.Identity\Services\Implementations\TenantService.cs(97,28): error CS0103: Le nom '_passwordHasher' n'existe pas dans le contexte actuel [C:\Users\DELL\source\repos\Konta\src\Konta.Identity\Konta.Identity.csproj]
C:\Users\DELL\source\repos\Konta\src\Konta.Identity\Services\Implementations\TenantService.cs(116,30): error CS0103: Le nom '_permissionRepository' n'existe pas dans le contexte actuel [C:\Users\DELL\source\repos\Konta\src\Konta.Identity\Konta.Identity.csproj]
C:\Users\DELL\source\repos\Konta\src\Konta.Identity\Services\Implementations\TenantService.cs(128,25): error CS0103: Le nom '_errorService' n'existe pas dans le contexte actuel [C:\Users\DELL\source\repos\Konta\src\Konta.Identity\Konta.Identity.csproj]
C:\Users\DELL\source\repos\Konta\src\Konta.Identity\Services\Implementations\TenantService.cs(72,30): warning CS8601: Existence possible d'une assignation de r├®f├®rence null. [C:\Users\DELL\source\repos\Konta\src\Konta.Identity\Konta.Identity.csproj]

├ëCHEC de la build.

C:\Users\DELL\source\repos\Konta\src\Konta.Identity\Endpoints\UserEndpoints.cs(51,64): warning CS8625: Impossible de convertir un litt├®ral ayant une valeur null en type r├®f├®rence non-nullable. [C:\Users\DELL\source\repos\Konta\src\Konta.Identity\Konta.Identity.csproj]
C:\Users\DELL\source\repos\Konta\src\Konta.Identity\Endpoints\UserEndpoints.cs(57,64): warning CS8625: Impossible de convertir un litt├®ral ayant une valeur null en type r├®f├®rence non-nullable. [C:\Users\DELL\source\repos\Konta\src\Konta.Identity\Konta.Identity.csproj]
C:\Users\DELL\source\repos\Konta\src\Konta.Identity\Services\Implementations\TenantService.cs(72,30): warning CS8601: Existence possible d'une assignation de r├®f├®rence null. [C:\Users\DELL\source\repos\Konta\src\Konta.Identity\Konta.Identity.csproj]
C:\Users\DELL\source\repos\Konta\src\Konta.Identity\Services\Implementations\TenantService.cs(35,9): error CS0103: Le nom '_permissionRepository' n'existe pas dans le contexte actuel [C:\Users\DELL\source\repos\Konta\src\Konta.Identity\Konta.Identity.csproj]
C:\Users\DELL\source\repos\Konta\src\Konta.Identity\Services\Implementations\TenantService.cs(36,9): error CS0103: Le nom '_passwordHasher' n'existe pas dans le contexte actuel [C:\Users\DELL\source\repos\Konta\src\Konta.Identity\Konta.Identity.csproj]
C:\Users\DELL\source\repos\Konta\src\Konta.Identity\Services\Implementations\TenantService.cs(38,9): error CS0103: Le nom '_errorService' n'existe pas dans le contexte actuel [C:\Users\DELL\source\repos\Konta\src\Konta.Identity\Konta.Identity.csproj]
C:\Users\DELL\source\repos\Konta\src\Konta.Identity\Services\Implementations\TenantService.cs(97,28): error CS0103: Le nom '_passwordHasher' n'existe pas dans le contexte actuel [C:\Users\DELL\source\repos\Konta\src\Konta.Identity\Konta.Identity.csproj]
C:\Users\DELL\source\repos\Konta\src\Konta.Identity\Services\Implementations\TenantService.cs(116,30): error CS0103: Le nom '_permissionRepository' n'existe pas dans le contexte actuel [C:\Users\DELL\source\repos\Konta\src\Konta.Identity\Konta.Identity.csproj]
C:\Users\DELL\source\repos\Konta\src\Konta.Identity\Services\Implementations\TenantService.cs(128,25): error CS0103: Le nom '_errorService' n'existe pas dans le contexte actuel [C:\Users\DELL\source\repos\Konta\src\Konta.Identity\Konta.Identity.csproj]
    3 Avertissement(s)
    6 Erreur(s)

Temps ├®coul├® 00:00:05.66
